---
source: crates/roundhouse-provider/tests/anthropic_messages_encode.rs
expression: body
---
{
  "model": "claude-sonnet-5",
  "system": [
    {
      "type": "text",
      "text": "You are a careful coding agent.",
      "cache_control": {
        "type": "ephemeral"
      }
    }
  ],
  "messages": [
    {
      "role": "user",
      "content": [
        {
          "type": "text",
          "text": "Edit main.rs"
        }
      ]
    },
    {
      "role": "assistant",
      "content": [
        {
          "type": "thinking",
          "thinking": "I should read the file first.",
          "signature": "sig-abc123"
        },
        {
          "type": "tool_use",
          "id": "toolu_1",
          "name": "read",
          "input": {
            "path": "main.rs"
          }
        }
      ]
    }
  ],
  "max_tokens": 2048,
  "stream": true,
  "tools": [
    {
      "name": "read",
      "description": "Read a file",
      "input_schema": {
        "$schema": "https://json-schema.org/draft/2020-12/schema",
        "title": "ReadParams",
        "description": "Test params struct for the \"read\" tool.",
        "type": "object",
        "properties": {
          "path": {
            "type": "string"
          }
        },
        "required": [
          "path"
        ]
      }
    }
  ],
  "tool_choice": {
    "type": "auto"
  },
  "thinking": {
    "type": "adaptive"
  },
  "output_config": {
    "effort": "medium"
  }
}
