---
source: crates/roundhouse-provider/tests/golden_google_genai.rs
expression: body
---
{
  "model": "gemini-3.0-pro",
  "input": [
    {
      "type": "user_input",
      "content": [
        {
          "type": "text",
          "text": "Prove sqrt(2) is irrational."
        }
      ]
    }
  ],
  "stream": true,
  "generation_config": {
    "thinking_level": "high"
  }
}
