---
source: crates/roundhouse-provider/tests/golden_google_genai.rs
expression: body
---
{
  "generation_config": {
    "tool_choice": {
      "allowed_tools": {
        "mode": "any",
        "tools": [
          "get_weather"
        ]
      }
    }
  },
  "input": [
    {
      "content": [
        {
          "text": "What's the weather in Tokyo?",
          "type": "text"
        }
      ],
      "type": "user_input"
    }
  ],
  "model": "gemini-3.0-pro",
  "stream": true,
  "tools": [
    {
      "description": "Get the current weather",
      "name": "get_weather",
      "parameters": {
        "$schema": "https://json-schema.org/draft/2020-12/schema",
        "title": "NoParams",
        "type": "object"
      },
      "type": "function"
    }
  ]
}
