---
source: crates/roundhouse-provider/tests/golden_bedrock_converse.rs
expression: body
---
{
  "messages": [
    {
      "role": "assistant",
      "content": [
        {
          "toolUse": {
            "toolUseId": "call_1",
            "name": "ping",
            "input": {}
          }
        }
      ]
    }
  ]
}
