---
source: crates/roundhouse-provider/tests/golden_openai_responses.rs
expression: "encode(&req, &fixture_profile())"
---
{
  "input": [
    {
      "content": [
        {
          "text": "こんにちは 🌍 — café naïve",
          "type": "input_text"
        }
      ],
      "role": "user",
      "type": "message"
    }
  ],
  "model": "gpt-5.4",
  "stream": true
}
