---
source: crates/roundhouse-provider/tests/golden_openai_responses.rs
expression: body
---
{
  "model": "gpt-5.4",
  "input": [
    {
      "type": "message",
      "role": "user",
      "content": [
        {
          "type": "input_text",
          "text": "Summarize this briefly."
        }
      ]
    }
  ],
  "stream": true,
  "reasoning": {
    "effort": "medium"
  }
}
