---
source: crates/roundhouse-provider/tests/golden_openai_responses.rs
expression: body
---
{
  "input": [
    {
      "content": [
        {
          "text": "Hello.",
          "type": "input_text"
        }
      ],
      "role": "user",
      "type": "message"
    }
  ],
  "instructions": "You are a careful assistant.",
  "model": "gpt-5.4",
  "stream": true
}
