---
source: crates/roundhouse-provider/tests/golden_google_genai.rs
expression: "enc(&req, EndpointMode::Interactions)"
---
{
  "input": [
    {
      "content": [
        {
          "text": "こんにちは 🌍 — café naïve",
          "type": "text"
        }
      ],
      "type": "user_input"
    }
  ],
  "model": "gemini-3.0-pro",
  "stream": true
}
